
> courage-national-talent-search-app@0.1.0 build
> next build

Γû▓ Next.js 16.2.7 (Turbopack)
- Environments: .env.local

npm : ΓÜá The "middleware" file convention is deprecated. Please use "proxy" instead. Learn more: 
https://nextjs.org/docs/messages/middleware-to-proxy
At line:1 char:1
+ npm run build > build_output.txt 2>&1
+ ~~~~~~~~~~~~~~~~~~~~~~~~~~~~~~~~~~~~~
    + CategoryInfo          : NotSpecified: (ΓÜá The "middle...leware-to-proxy:String) [], RemoteException
    + FullyQualifiedErrorId : NativeCommandError
 
  Creating an optimized production build ...
Γ£ô Compiled successfully in 18.3s
  Running TypeScript ...
  Finished TypeScript in 29.2s ...
  Collecting page data using 11 workers ...
  Generating static pages using 11 workers (0/145) ...
  Generating static pages using 11 workers (36/145) 
  Generating static pages using 11 workers (72/145) 
Γ¿» useSearchParams() should be wrapped in a suspense boundary at page "/admin/cms". Read more: 
https://nextjs.org/docs/messages/missing-suspense-with-csr-bailout
    at S (E:\courage-national-talent-search-app\.next\server\chunks\ssr\node_modules_next_1iemwhs._.js:2:2692)
    at r (E:\courage-national-talent-search-app\.next\server\chunks\ssr\node_modules_next_1iemwhs._.js:4:6760)
    at u (E:\courage-national-talent-search-app\.next\server\chunks\ssr\_0zsj6qe._.js:1:5559)
    at an (E:\courage-national-talent-search-app\node_modules\next\dist\compiled\next-server\app-page-turbo.runtime.pro
d.js:2:84267)
    at ai (E:\courage-national-talent-search-app\node_modules\next\dist\compiled\next-server\app-page-turbo.runtime.pro
d.js:2:86086)
    at al (E:\courage-national-talent-search-app\node_modules\next\dist\compiled\next-server\app-page-turbo.runtime.pro
d.js:2:107860)
    at as (E:\courage-national-talent-search-app\node_modules\next\dist\compiled\next-server\app-page-turbo.runtime.pro
d.js:2:105275)
    at aa (E:\courage-national-talent-search-app\node_modules\next\dist\compiled\next-server\app-page-turbo.runtime.pro
d.js:2:84619)
    at ai (E:\courage-national-talent-search-app\node_modules\next\dist\compiled\next-server\app-page-turbo.runtime.pro
d.js:2:86135)
    at al (E:\courage-national-talent-search-app\node_modules\next\dist\compiled\next-server\app-page-turbo.runtime.pro
d.js:2:107860)
Error occurred prerendering page "/admin/cms". Read more: https://nextjs.org/docs/messages/prerender-error
Export encountered an error on /admin/cms/page: /admin/cms, exiting the build.
Γ¿» Next.js build worker exited with code: 1 and signal: null
